Command Grasp (Thing ASg (Mod (Qual Big) (Mod (Qual Red) Block)))

Command Grasp (Thing The Pyramid)

Command Find (R ASg Block (Rel Present Simultaneous Positive (RQual (MoreThan Tall (R The One (Rel Present Simultaneous Positive (RPred2 You Hold)))))))

CommandLocation Put It (In (Thing The Box))

Query Present Simultaneous Positive (QPred2 What (Thing The Box) Contain)

Query Present Simultaneous Positive (QPred1 What Support (Thing The Pyramid))

Query Present Simultaneous Negative (QLocation (HowMany Block) (In (Thing The Box)))

Query Present Simultaneous Positive (Polar (SQual (Thing AtLeastOne Block) (MoreThan Narrow (R The One (Rel Past Simultaneous Positive (RITellYou Grasp))))))

Query Present Simultaneous Positive (Polar (SPred1 Support It))

Query Present Simultaneous Positive (Polar (SPreverb (Thing The Table) Can Grasp (Thing APlural Block)))

Query Present Simultaneous Positive (Polar (SPreverb (Thing ASg Block) Can Support (Thing ASg Pyramid)))

Query Present Simultaneous Positive (Polar (SPreverb (Thing ASg Pyramid) Can Support (Thing ASg Pyramid)))

Command StackUp (Thing Two Pyramid)

Command StackUp (And (BaseItem (Thing APlural (Mod (Qual Red) Block)) (Or (BaseItem (Thing ASg (Mod (Qual Green) Cube)) (Thing ASg Pyramid)))))
Command StackUp (And (BaseItem (Thing Both (Mod (Qual Red) Block)) (Or (BaseItem (Thing ASg (Mod (Qual Green) Cube)) (Thing ASg Pyramid)))))

Query Present Simultaneous Positive (QPred1 (Which Cube) SitOn (Thing The Table))

Query Present Simultaneous Positive (Polar (SExists (R ASg (Mod (Qual Big) Block) (Rel Present Simultaneous Positive (RLocation (Behind (Thing ASg Pyramid)))))))

CommandLocation Put (Thing ASg (Mod (Qual Small) One)) (On (R The (Mod (Qual Green) Cube) (Rel Present Simultaneous Positive (RPred1 Support (Thing ASg Pyramid)))))

CommandLocation Put (Thing The (Mod (Most Small) Pyramid)) (On It)

Query Present Simultaneous Positive (Polar (SPred (R The (Mod (Most Short) Object) (Rel Present Simultaneous Positive (RPred2 (SupportOf (Thing The (Mod (Most Tall) Pyramid))) Support))) Support (R ASg Object (Rel Present Simultaneous Positive (RQual (Qual Green))))))

Query Present Simultaneous Positive (QIdentity (Which Colour) It)

Query Present Simultaneous Positive (QLocation (HowMany Object) (On (Thing APlural (Mod (Qual Green) Cube))))

Query Past Anterior Positive (Polar (SPredTime You Touch (Thing Any Pyramid) (Before (Stmt Present Simultaneous Positive (SPredLocation You Put (Thing The (Mod (Qual Green) One)) (On (Thing The (Mod (Qual Small) Cube))))))))
Query Past Anterior Positive (Polar (SPredTime You Touch (Thing Any Pyramid) (Before (Stmt Past Simultaneous Positive (SPredLocation You Put (Thing The (Mod (Qual Green) One)) (On (Thing The (Mod (Qual Small) Cube))))))))

Query Past Simultaneous Positive (Why (SPred You Do ThatItem))

Query Past Simultaneous Positive (Why (SPred You Clean (Thing That Cube)))

Query Past Simultaneous Positive (How (SPred You Do It))

Query Past Simultaneous Positive (QPred2Time (HowMany Object) You Touch (While (Stmt Past Simultaneous Positive (SPred You Do It))))

Query Past Simultaneous Positive (QPred2Time What (Thing The (Mod (Qual Red) Cube)) Support (Before (Stmt Past Simultaneous Positive (SPreverb You StartTo Clean It))))

Declare (Stmt Past Simultaneous Positive (SLocationTime (Thing Five Block) (LeftOf (Thing The Box)) Then))

CommandLocation Put (Thing The (Mod (Qual Blue) Pyramid)) (On (R The Block (Rel Present Simultaneous Positive (RLocation (In (Thing The Box))))))

CommandLocation Put (R The (Mod (Qual Blue) Pyramid) (Rel Present Simultaneous Positive (RLocation (On (Thing The Block))))) (In (Thing The Box))

Query Present Simultaneous Positive (Polar (SExists (R Any Object (RelAnd (Rel Present Simultaneous Positive (RQual (MoreThan Big (Thing Every Pyramid)))) (Rel Present Simultaneous Negative (RQual (AsAs Wide (R The Object (Rel Present Simultaneous Positive (RPred1 Support It))))))))))

Declare (Stmt Present Simultaneous Positive (SIdentity (Thing ASg Steeple) (And (BaseItem (R ASg Stack (Rel Present Simultaneous Positive (RPred1 Contain (Thing Two (Mod (Qual Green) Cube))))) (Thing ASg Pyramid)))))
Declare (Stmt Present Simultaneous Positive (SIdentity (Thing ASg Steeple) (R ASg Stack (Rel Present Simultaneous Positive (RPred1 Contain (And (BaseItem (Thing Two (Mod (Qual Green) Cube)) (Thing ASg Pyramid))))))))

Query Present Simultaneous Positive (Polar (SExistsTime (Thing AnyPlural Steeple) Now))

Command Build OneItem

Query Present Anterior Positive (Polar (SPred You Grasp (Thing The (Mod (Most Big) Block))))

